2026-08-20T16:45:53Z	https://jobs.ashbyhq.com/cradlebio/07b4fd84-7dcf-4e31-a1f5-c2cff0e44f78	pre-screen mismatch: Boston Hybrid + biotech AE selling to scientists (deprioritized vs fintech/spend; similar Benchling stretch; relocation deal-breaker)
2026-08-20T16:45:53Z	https://jobs.ashbyhq.com/ramp/f0e3a8bb-5f86-4ce1-b345-80d8912f9ddc	pre-screen mismatch: IC Procurement Product Activation Manager is downlevel/duplicate of active Senior Manager Activation interview (Caroline); do not re-apply
2026-09-05T00:00:00Z	https://jobs.ashbyhq.com/benchling/e0efc252-363f-4b3b-ad21-2f1785f2a6ad	pre-screen mismatch: onsite/relocation (San Francisco, CA) — remote US only
2026-09-05T00:00:00Z	https://careers.formlabs.com/job/8170751/apply/?gh_jid=8170751	pre-screen mismatch: onsite/relocation (Somerville, MA) — remote US only
2026-09-05T00:00:00Z	https://careers.formlabs.com/job/8170755/apply/?gh_jid=8170755	pre-screen mismatch: onsite/relocation (Somerville, MA) — remote US only
2026-09-05T00:00:00Z	https://careers.formlabs.com/job/8129467/apply/?gh_jid=8129467	pre-screen mismatch: onsite/relocation (Somerville, MA) — remote US only
2026-09-05T00:00:00Z	https://careers.formlabs.com/job/8122198/apply/?gh_jid=8122198	pre-screen mismatch: engineering/PM/design/recruiter title (Senior Product Manager, Hardware)
2026-09-05T00:00:00Z	https://www.zipline.com/open-roles/7895360003?gh_jid=7895360003	pre-screen mismatch: onsite/relocation (Houston, Texas, USA) — remote US only
2026-09-05T00:00:00Z	https://www.zipline.com/open-roles/7816090003?gh_jid=7816090003	pre-screen mismatch: onsite/relocation (Atlanta, Georgia, USA; Boston, Massachusetts, USA; Chicago, Illinois, USA; Dalla) — remote US only
2026-09-05T00:00:00Z	https://www.zipline.com/open-roles/7817780003?gh_jid=7817780003	pre-screen mismatch: onsite/relocation (Atlanta, Georgia, USA; Boston, Massachusetts, USA; Chicago, Illinois, USA; Dalla) — remote US only
2026-09-05T00:00:00Z	https://www.zipline.com/open-roles/7772735003?gh_jid=7772735003	pre-screen mismatch: engineering/PM/design/recruiter title (Executive Assistant, Chief Hardware Officer & Head of Autonomy)
2026-09-05T00:00:00Z	https://www.zipline.com/open-roles/7805068003?gh_jid=7805068003	pre-screen mismatch: onsite/relocation (South San Francisco, California, USA) — remote US only
2026-09-05T00:00:00Z	https://www.zipline.com/open-roles/7851438003?gh_jid=7851438003	pre-screen mismatch: onsite/relocation (South San Francisco, California, USA) — remote US only
2026-09-05T00:00:00Z	https://www.zipline.com/open-roles/7811811003?gh_jid=7811811003	pre-screen mismatch: engineering/PM/design/recruiter title (Hardware Reliability Engineer)
2026-09-05T00:00:00Z	https://www.zipline.com/open-roles/7849585003?gh_jid=7849585003	pre-screen mismatch: engineering/PM/design/recruiter title (Hardware Test Engineer, Droid)
2026-09-05T00:00:00Z	https://www.zipline.com/open-roles/7978940003?gh_jid=7978940003	pre-screen mismatch: engineering/PM/design/recruiter title (Hardware Test & Prototype Technician, Dropbox)
2026-09-05T00:00:00Z	https://www.zipline.com/open-roles/7815914003?gh_jid=7815914003	pre-screen mismatch: onsite/relocation (South San Francisco, California, USA) — remote US only
2026-09-05T00:00:00Z	https://www.zipline.com/open-roles/7822401003?gh_jid=7822401003	pre-screen mismatch: onsite/relocation (South San Francisco, California, USA) — remote US only
2026-09-05T00:00:00Z	https://www.zipline.com/open-roles/7808628003?gh_jid=7808628003	pre-screen mismatch: engineering/PM/design/recruiter title (Senior Electrical Test Engineer, Hardware Validation)
2026-09-05T00:00:00Z	https://www.zipline.com/open-roles/7850720003?gh_jid=7850720003	pre-screen mismatch: engineering/PM/design/recruiter title (Senior Mechanical Hardware Reliability Engineer)
2026-09-05T00:00:00Z	https://www.zipline.com/open-roles/7850723003?gh_jid=7850723003	pre-screen mismatch: engineering/PM/design/recruiter title (Senior/Staff Power Electronics Hardware Reliability Engineer)
2026-09-05T00:00:00Z	https://www.zipline.com/open-roles/7850772003?gh_jid=7850772003	pre-screen mismatch: engineering/PM/design/recruiter title (Sr. IT Infrastructure Engineer)
2026-09-05T00:00:00Z	https://jobs.ashbyhq.com/zip/6da19b0e-6494-455c-8fae-d5c648aed469	pre-screen mismatch: onsite/relocation (Remote - Germany · Remote - Munich · Munich · Germany) — remote US only
2026-09-05T00:00:00Z	https://jobs.ashbyhq.com/zip/4e3d47fa-f399-4032-8c05-bb97d79cce39	pre-screen mismatch: onsite/relocation (Remote - Germany) — remote US only
2026-09-05T00:00:00Z	https://jobs.ashbyhq.com/zip/8ef39d2b-fb74-4207-99db-0b00046b5d09	pre-screen mismatch: onsite/relocation (New York City) — remote US only
2026-09-05T00:00:00Z	https://jobs.ashbyhq.com/zip/58571fb8-d337-4ed7-81f1-006d7c95fe87	pre-screen mismatch: engineering/PM/design/recruiter title (AI Forward Deployed Engineer - Procurement/Legal)
2026-09-05T00:00:00Z	https://jobs.ashbyhq.com/zip/0dbaa0d7-838c-40a0-8bfd-fbce2a48446f	pre-screen mismatch: engineering/PM/design/recruiter title (Senior Product Designer, Procure to Pay)
2026-09-05T00:00:00Z	https://jobs.ashbyhq.com/zip/a680403b-9f1d-4cad-8861-4e4ff81681e2	pre-screen mismatch: onsite/relocation (New York City) — remote US only
2026-09-05T00:00:00Z	https://jobs.ashbyhq.com/lambda/22067697-90e0-4a9a-bc08-954ce6796537	pre-screen mismatch: engineering/PM/design/recruiter title (Senior Platform Engineer - Core Infrastructure)
2026-09-05T00:00:00Z	https://jobs.ashbyhq.com/lambda/9644bc3d-966a-4a5e-85ef-3afbe080a7a6	pre-screen mismatch: engineering/PM/design/recruiter title (Hardware Quality Engineer)
2026-09-05T00:00:00Z	https://jobs.ashbyhq.com/lambda/2c19c63d-5dd6-4b0a-a2af-5713da13d9c8	pre-screen mismatch: title/location not Track A/B remote target (Data Center Development & Infrastructure Finance Lead @ San Francisco Office (Fremont St) · San Jose Office (First S)
2026-09-05T00:00:00Z	https://jobs.ashbyhq.com/lambda/20738542-164f-45b6-a822-f54c11b5fc60	pre-screen mismatch: title/location not Track A/B remote target (Corporate Development Associate - Digital Infrastructure M&A @ San Francisco Office (Second St) · San Jose Office (First St)
2026-09-05T00:00:00Z	https://jobs.ashbyhq.com/lambda/bb47e828-8b60-42dd-8d4e-d2692c87cdc8	pre-screen mismatch: engineering/PM/design/recruiter title (Principal Product Manager - Hardware)
2026-09-05T00:00:00Z	https://jobs.ashbyhq.com/lambda/49f74010-da5e-42b1-8ebc-db4d39af443d	pre-screen mismatch: engineering/PM/design/recruiter title (Data Center Operations Systems Engineer II (Chicago))
2026-09-05T00:00:00Z	https://jobs.ashbyhq.com/lambda/75d998f5-c6cd-47fe-aadd-beb119f2371a	pre-screen mismatch: engineering/PM/design/recruiter title (Data Center Operations System Engineer III (Chicago))
2026-09-05T00:00:00Z	https://jobs.ashbyhq.com/lambda/250d4eab-8ebf-4a56-b7f2-b3044bbbda48	pre-screen mismatch: engineering/PM/design/recruiter title (Data Center Operations Systems Engineer III (Los Angeles))
2026-09-05T00:00:00Z	https://jobs.ashbyhq.com/lambda/4621b314-965a-4626-a516-1b8ef42da21d	pre-screen mismatch: engineering/PM/design/recruiter title (Data Center Operations Systems Engineer (Seattle))
2026-09-05T00:00:00Z	https://jobs.ashbyhq.com/lambda/fbfaab3b-9803-4ce6-9501-1e9a6ed77288	pre-screen mismatch: engineering/PM/design/recruiter title (Infrastructure & Energy Transaction Counsel)
2026-09-05T00:00:00Z	https://jobs.ashbyhq.com/lambda/71cd3c75-879a-4863-9288-94ea28e9eac1	pre-screen mismatch: title/location not Track A/B remote target (Technology Alliance Partner Manager @ San Francisco Office (Fremont St) · San Jose Office (First S)
2026-09-05T00:00:00Z	https://jobs.ashbyhq.com/lambda/a8cb384a-b3ea-40a9-b592-b94639b727c7	pre-screen mismatch: title/location not Track A/B remote target (Sourcing Manager, ODM/OEM Systems @ San Jose Office (Zanker) · San Francisco Office (Fremont St))
2026-09-05T00:00:00Z	https://jobs.ashbyhq.com/lambda/fff33a83-568e-4729-aacc-a58c1d8c8def	pre-screen mismatch: onsite/relocation (Elk Grove Village, IL - Data Center) — remote US only
2026-09-05T00:00:00Z	https://jobs.ashbyhq.com/lambda/04b3e06c-6403-48c6-84b2-c7b849248afc	pre-screen mismatch: title/location not Track A/B remote target (Senior Business Systems Architect @ San Francisco Office (Fremont St) · San Jose Office (First S)
2026-09-05T00:00:00Z	https://jobs.ashbyhq.com/lambda/a2d61a5b-b39c-4879-838a-4dceb63da850	pre-screen mismatch: onsite/relocation (San Francisco Office (Fremont St) · San Jose Office (First St) · San Jose · Unit) — remote US only
2026-09-05T00:00:00Z	https://jobs.ashbyhq.com/lambda/65c58572-7ffa-4e26-a252-771dd89ab0d8	pre-screen mismatch: title/location not Track A/B remote target (Staff Data Center Implementation Manager @ Remote, USA)
2026-09-05T00:00:00Z	https://jobs.ashbyhq.com/lambda/50148338-7b5c-4d70-b559-39439772f36b	pre-screen mismatch: title/location not Track A/B remote target (Data Center Construction Site Foreman (Dallas) @ Remote, USA · Dallas, TX - Data Center · Dallas · United Sta)
2026-09-05T00:00:00Z	https://jobs.ashbyhq.com/lambda/7cee8c43-1319-457d-9850-484d6b3977ab	pre-screen mismatch: engineering/PM/design/recruiter title (Data Center Operations Systems Engineer (Atlanta))
2026-09-05T00:00:00Z	https://jobs.ashbyhq.com/ramp/707d5f91-bcf7-42b2-a0e6-8130bf13e56b	pre-screen mismatch: onsite/relocation (San Francisco, CA) — remote US only
2026-09-05T00:00:00Z	https://jobs.ashbyhq.com/ramp/f5cf4790-0b77-47be-b332-02ca6ec755fd	pre-screen mismatch: title/location not Track A/B remote target (Account Manager / Enterprise @ New York, NY (HQ) · San Francisco, CA · San Fransisco · USA)
2026-09-05T00:00:00Z	https://jobs.ashbyhq.com/ramp/623abf6f-84c6-49d2-8276-385c1ffec097	pre-screen mismatch: title/location not Track A/B remote target (Manager, Account Executive / Commercial @ New York, NY (HQ) · San Francisco, CA · San Fransisco · USA)
2026-09-05T00:00:00Z	https://jobs.ashbyhq.com/ramp/6ac50530-ce1c-4375-9cc1-c56f8b5925fd	pre-screen mismatch: title/location not Track A/B remote target (Account Manager / Growth @ New York, NY (HQ) · San Francisco, CA · San Fransisco · USA)
2026-09-05T00:00:00Z	https://jobs.ashbyhq.com/ramp/696bc715-794c-4a0c-967d-d7f8b637b392	pre-screen mismatch: engineering/PM/design/recruiter title (GTM Business Systems Engineer – Post Sales)
2026-09-05T00:00:00Z	https://jobs.ashbyhq.com/ramp/6310f1b3-1ae2-476c-b4ce-affe530ede26	pre-screen mismatch: engineering/PM/design/recruiter title (GTM Business Systems Engineer, Quote-to-Cash)
2026-09-05T00:00:00Z	https://jobs.ashbyhq.com/whoop/97fdb239-1cf3-47de-906a-96fddd2f361f	pre-screen mismatch: engineering/PM/design/recruiter title (Platform Engineer II (Application Infrastructure))
2026-09-05T00:00:00Z	https://jobs.ashbyhq.com/whoop/d74b7719-b05f-4c76-9042-7079a837d794	pre-screen mismatch: engineering/PM/design/recruiter title (NPI Hardware Quality Engineer, Accessories)
2026-09-05T00:00:00Z	https://jobs.ashbyhq.com/whoop/ddeaeb3b-1b0a-440e-aa93-93d5cfd84152	pre-screen mismatch: title/location not Track A/B remote target (Director of Product Management, Hardware @ Boston, MA)
2026-09-05T00:00:00Z	https://jobs.ashbyhq.com/whoop/c74105e1-1cea-491f-a69c-94c7f3086682	pre-screen mismatch: title/location not Track A/B remote target (Director, Product Quality (Hardware) @ Boston, MA)
2026-09-05T00:00:00Z	https://jobs.ashbyhq.com/whoop/1e2efa4f-65cd-4ff4-a2ed-ff390c9fc14a	pre-screen mismatch: title/location not Track A/B remote target (Hardware Lab Manager @ Boston, MA)
2026-09-05T00:00:00Z	https://jobs.ashbyhq.com/whoop/740e9fac-287c-465c-937c-f6af215c3151	pre-screen mismatch: title/location not Track A/B remote target (Vice President, Hardware Quality @ Boston, MA)
2026-09-05T00:00:00Z	https://boards.greenhouse.io/andurilindustries/jobs/5131979007?gh_jid=5131979007	pre-screen mismatch: engineering/PM/design/recruiter title (Air Vehicle Systems Engineer, Hardware Verification, Integration & Validation)
2026-09-05T00:00:00Z	https://boards.greenhouse.io/andurilindustries/jobs/4768437007?gh_jid=4768437007	pre-screen mismatch: engineering/PM/design/recruiter title (Analytics Engineer, Hardware Test)
2026-09-05T00:00:00Z	https://boards.greenhouse.io/andurilindustries/jobs/4802276007?gh_jid=4802276007	pre-screen mismatch: onsite/relocation (Costa Mesa, California, United States) — remote US only
2026-09-05T00:00:00Z	https://boards.greenhouse.io/andurilindustries/jobs/4802288007?gh_jid=4802288007	pre-screen mismatch: onsite/relocation (Costa Mesa, California, United States) — remote US only
2026-09-05T00:00:00Z	https://boards.greenhouse.io/andurilindustries/jobs/4802297007?gh_jid=4802297007	pre-screen mismatch: onsite/relocation (Costa Mesa, California, United States) — remote US only
2026-09-05T00:00:00Z	https://boards.greenhouse.io/andurilindustries/jobs/5183431007?gh_jid=5183431007	pre-screen mismatch: onsite/relocation (Costa Mesa, California, United States) — remote US only
2026-09-05T00:00:00Z	https://boards.greenhouse.io/andurilindustries/jobs/5200169007?gh_jid=5200169007	pre-screen mismatch: onsite/relocation (Costa Mesa, California, United States) — remote US only
2026-09-05T00:00:00Z	https://boards.greenhouse.io/andurilindustries/jobs/5200163007?gh_jid=5200163007	pre-screen mismatch: onsite/relocation (Costa Mesa, California, United States) — remote US only
2026-09-05T00:00:00Z	https://boards.greenhouse.io/andurilindustries/jobs/5200180007?gh_jid=5200180007	pre-screen mismatch: onsite/relocation (Costa Mesa, California, United States) — remote US only
2026-09-05T00:00:00Z	https://boards.greenhouse.io/andurilindustries/jobs/5200181007?gh_jid=5200181007	pre-screen mismatch: onsite/relocation (Costa Mesa, California, United States) — remote US only
2026-09-05T00:00:00Z	https://boards.greenhouse.io/andurilindustries/jobs/5206862007?gh_jid=5206862007	pre-screen mismatch: engineering/PM/design/recruiter title (Electrical Hardware Engineer)
2026-09-05T00:00:00Z	https://boards.greenhouse.io/andurilindustries/jobs/4917405007?gh_jid=4917405007	pre-screen mismatch: onsite/relocation (Costa Mesa, California, United States) — remote US only
2026-09-05T00:00:00Z	https://boards.greenhouse.io/andurilindustries/jobs/5054523007?gh_jid=5054523007	pre-screen mismatch: engineering/PM/design/recruiter title (Flight Software (FSW) Engineer - Platform - HITL Infrastructure)
2026-09-05T00:00:00Z	https://boards.greenhouse.io/andurilindustries/jobs/5030041007?gh_jid=5030041007	pre-screen mismatch: onsite/relocation (Costa Mesa, California, United States) — remote US only
2026-09-05T00:00:00Z	https://boards.greenhouse.io/andurilindustries/jobs/5098468007?gh_jid=5098468007	pre-screen mismatch: onsite/relocation (Costa Mesa, California, United States) — remote US only
2026-09-05T00:00:00Z	https://boards.greenhouse.io/andurilindustries/jobs/5211074007?gh_jid=5211074007	pre-screen mismatch: title/location not Track A/B remote target (Global Supply Chain Integration Lead, India @ Remote · Remote)
2026-09-05T00:00:00Z	https://boards.greenhouse.io/andurilindustries/jobs/5229411007?gh_jid=5229411007	pre-screen mismatch: engineering/PM/design/recruiter title (Hardware Engineer)
2026-09-05T00:00:00Z	https://boards.greenhouse.io/andurilindustries/jobs/5229412007?gh_jid=5229412007	pre-screen mismatch: engineering/PM/design/recruiter title (Hardware Engineer (Sensor Systems))
2026-09-05T00:00:00Z	https://boards.greenhouse.io/andurilindustries/jobs/5226711007?gh_jid=5226711007	pre-screen mismatch: engineering/PM/design/recruiter title (Hardware Test Engineer)
2026-09-05T00:00:00Z	https://boards.greenhouse.io/andurilindustries/jobs/5127590007?gh_jid=5127590007	pre-screen mismatch: onsite/relocation (Costa Mesa, California, United States) — remote US only
2026-09-05T00:00:00Z	https://boards.greenhouse.io/andurilindustries/jobs/5162521007?gh_jid=5162521007	pre-screen mismatch: engineering/PM/design/recruiter title (Head of Hardware Test)
2026-09-05T00:00:00Z	https://boards.greenhouse.io/andurilindustries/jobs/5177879007?gh_jid=5177879007	pre-screen mismatch: engineering/PM/design/recruiter title (Infrastructure Engineer, Kubernetes)
2026-09-05T00:00:00Z	https://boards.greenhouse.io/andurilindustries/jobs/4650972007?gh_jid=4650972007	pre-screen mismatch: onsite/relocation (Costa Mesa, California, United States) — remote US only
2026-09-05T00:00:00Z	https://boards.greenhouse.io/andurilindustries/jobs/5162101007?gh_jid=5162101007	pre-screen mismatch: engineering/PM/design/recruiter title (Lead Hardware Engineer)
2026-09-05T00:00:00Z	https://boards.greenhouse.io/andurilindustries/jobs/5220945007?gh_jid=5220945007	pre-screen mismatch: onsite/relocation (Costa Mesa, California, United States) — remote US only
2026-09-05T00:00:00Z	https://boards.greenhouse.io/andurilindustries/jobs/5158245007?gh_jid=5158245007	pre-screen mismatch: engineering/PM/design/recruiter title (Mission Software Infrastructure Engineer, Active Clearance)
2026-09-05T00:00:00Z	https://boards.greenhouse.io/andurilindustries/jobs/5117576007?gh_jid=5117576007	pre-screen mismatch: title/location not Track A/B remote target (Multi-Domain Mission Capabilities Lead, Multinational Digita @ Boston, Massachusetts, United States)
2026-09-05T00:00:00Z	https://boards.greenhouse.io/andurilindustries/jobs/5058466007?gh_jid=5058466007	pre-screen mismatch: onsite/relocation (Costa Mesa, California, United States) — remote US only
2026-09-05T00:00:00Z	https://boards.greenhouse.io/andurilindustries/jobs/5050511007?gh_jid=5050511007	pre-screen mismatch: onsite/relocation (Costa Mesa, California, United States) — remote US only
2026-09-05T00:00:00Z	https://boards.greenhouse.io/andurilindustries/jobs/4980618007?gh_jid=4980618007	pre-screen mismatch: engineering/PM/design/recruiter title (Packaging Engineer, Electromechanical Hardware)
2026-09-05T00:00:00Z	https://boards.greenhouse.io/andurilindustries/jobs/5176775007?gh_jid=5176775007	pre-screen mismatch: engineering/PM/design/recruiter title (Platform Engineer / DevOps Engineer / Infrastructure Engineer / Site Reliability Engineer)
2026-09-05T00:00:00Z	https://boards.greenhouse.io/andurilindustries/jobs/5226855007?gh_jid=5226855007	pre-screen mismatch: engineering/PM/design/recruiter title (PLM Engineer - DBA/Infrastructure)
2026-09-05T00:00:00Z	https://boards.greenhouse.io/andurilindustries/jobs/5225307007?gh_jid=5225307007	pre-screen mismatch: onsite/relocation (Costa Mesa, California, United States) — remote US only
2026-09-05T00:00:00Z	https://boards.greenhouse.io/andurilindustries/jobs/5038267007?gh_jid=5038267007	pre-screen mismatch: engineering/PM/design/recruiter title (Principal Digital Hardware Engineer (PCBs/FPGAs/HDL))
2026-09-05T00:00:00Z	https://boards.greenhouse.io/andurilindustries/jobs/5196254007?gh_jid=5196254007	pre-screen mismatch: onsite/relocation (Costa Mesa, California, United States) — remote US only
2026-09-05T00:00:00Z	https://boards.greenhouse.io/andurilindustries/jobs/5228214007?gh_jid=5228214007	pre-screen mismatch: onsite/relocation (Sydney, New South Wales, Australia) — remote US only
2026-09-05T00:00:00Z	https://boards.greenhouse.io/andurilindustries/jobs/5227989007?gh_jid=5227989007	pre-screen mismatch: engineering/PM/design/recruiter title (Senior AI Infrastructure Engineer, Physical Infrastructure)
2026-09-05T00:00:00Z	https://boards.greenhouse.io/andurilindustries/jobs/5201685007?gh_jid=5201685007	pre-screen mismatch: engineering/PM/design/recruiter title (Senior Air Vehicle Systems Engineer, Hardware Verification, Integration & Validation)
2026-09-05T00:00:00Z	https://boards.greenhouse.io/andurilindustries/jobs/4802286007?gh_jid=4802286007	pre-screen mismatch: onsite/relocation (Costa Mesa, California, United States) — remote US only
2026-09-05T00:00:00Z	https://boards.greenhouse.io/andurilindustries/jobs/5091499007?gh_jid=5091499007	pre-screen mismatch: onsite/relocation (Costa Mesa, California, United States) — remote US only
2026-09-05T00:00:00Z	https://boards.greenhouse.io/andurilindustries/jobs/4824143007?gh_jid=4824143007	pre-screen mismatch: onsite/relocation (Costa Mesa, California, United States) — remote US only
2026-09-05T00:00:00Z	https://boards.greenhouse.io/andurilindustries/jobs/5174687007?gh_jid=5174687007	pre-screen mismatch: engineering/PM/design/recruiter title (Senior Cloud Infrastructure Engineer)
2026-09-05T00:00:00Z	https://boards.greenhouse.io/andurilindustries/jobs/5205967007?gh_jid=5205967007	pre-screen mismatch: onsite/relocation (Costa Mesa, California, United States) — remote US only
2026-09-05T00:00:00Z	https://boards.greenhouse.io/andurilindustries/jobs/5036023007?gh_jid=5036023007	pre-screen mismatch: onsite/relocation (Costa Mesa, California, United States) — remote US only
2026-09-05T00:00:00Z	https://boards.greenhouse.io/andurilindustries/jobs/4824501007?gh_jid=4824501007	pre-screen mismatch: onsite/relocation (Costa Mesa, California, United States) — remote US only
2026-09-05T00:00:00Z	https://boards.greenhouse.io/andurilindustries/jobs/5130692007?gh_jid=5130692007	pre-screen mismatch: onsite/relocation (Costa Mesa, California, United States) — remote US only
2026-09-05T00:00:00Z	https://boards.greenhouse.io/andurilindustries/jobs/5195344007?gh_jid=5195344007	pre-screen mismatch: onsite/relocation (Costa Mesa, California, United States) — remote US only
2026-09-05T00:00:00Z	https://boards.greenhouse.io/andurilindustries/jobs/5162313007?gh_jid=5162313007	pre-screen mismatch: onsite/relocation (Costa Mesa, California, United States) — remote US only
2026-09-05T00:00:00Z	https://boards.greenhouse.io/andurilindustries/jobs/5120814007?gh_jid=5120814007	pre-screen mismatch: onsite/relocation (Costa Mesa, California, United States) — remote US only
2026-09-05T00:00:00Z	https://boards.greenhouse.io/andurilindustries/jobs/5175262007?gh_jid=5175262007	pre-screen mismatch: onsite/relocation (Costa Mesa, California, United States) — remote US only
2026-09-05T00:00:00Z	https://boards.greenhouse.io/andurilindustries/jobs/5197277007?gh_jid=5197277007	pre-screen mismatch: onsite/relocation (Costa Mesa, California, United States) — remote US only
2026-09-05T00:00:00Z	https://boards.greenhouse.io/andurilindustries/jobs/5194206007?gh_jid=5194206007	pre-screen mismatch: onsite/relocation (Costa Mesa, California, United States) — remote US only
2026-09-05T00:00:00Z	https://boards.greenhouse.io/andurilindustries/jobs/5138188007?gh_jid=5138188007	pre-screen mismatch: onsite/relocation (Costa Mesa, California, United States) — remote US only
2026-09-05T00:00:00Z	https://boards.greenhouse.io/andurilindustries/jobs/5034785007?gh_jid=5034785007	pre-screen mismatch: onsite/relocation (Costa Mesa, California, United States) — remote US only
2026-09-05T00:00:00Z	https://boards.greenhouse.io/andurilindustries/jobs/5195233007?gh_jid=5195233007	pre-screen mismatch: onsite/relocation (Costa Mesa, California, United States) — remote US only
2026-09-05T00:00:00Z	https://boards.greenhouse.io/andurilindustries/jobs/5210072007?gh_jid=5210072007	pre-screen mismatch: onsite/relocation (Costa Mesa, California, United States) — remote US only
2026-09-05T00:00:00Z	https://boards.greenhouse.io/andurilindustries/jobs/4915513007?gh_jid=4915513007	pre-screen mismatch: onsite/relocation (Costa Mesa, California, United States) — remote US only
2026-09-05T00:00:00Z	https://boards.greenhouse.io/andurilindustries/jobs/5140942007?gh_jid=5140942007	pre-screen mismatch: onsite/relocation (Costa Mesa, California, United States) — remote US only
2026-09-05T00:00:00Z	https://boards.greenhouse.io/andurilindustries/jobs/5138191007?gh_jid=5138191007	pre-screen mismatch: onsite/relocation (Costa Mesa, California, United States) — remote US only
2026-09-05T00:00:00Z	https://boards.greenhouse.io/andurilindustries/jobs/4824175007?gh_jid=4824175007	pre-screen mismatch: onsite/relocation (Costa Mesa, California, United States) — remote US only
2026-09-05T00:00:00Z	https://boards.greenhouse.io/andurilindustries/jobs/5182279007?gh_jid=5182279007	pre-screen mismatch: engineering/PM/design/recruiter title (Senior Hardware Reliability Engineer)
2026-09-05T00:00:00Z	https://boards.greenhouse.io/andurilindustries/jobs/5200932007?gh_jid=5200932007	pre-screen mismatch: engineering/PM/design/recruiter title (Senior Hardware Test Engineer, Cyber)
2026-09-05T00:00:00Z	https://boards.greenhouse.io/andurilindustries/jobs/5227992007?gh_jid=5227992007	pre-screen mismatch: engineering/PM/design/recruiter title (Senior Infrastructure Reliability Engineer)
2026-09-05T00:00:00Z	https://boards.greenhouse.io/andurilindustries/jobs/5231644007?gh_jid=5231644007	pre-screen mismatch: engineering/PM/design/recruiter title (Senior Leadership Recruiter, Hardware)
2026-09-05T00:00:00Z	https://boards.greenhouse.io/andurilindustries/jobs/5100348007?gh_jid=5100348007	pre-screen mismatch: onsite/relocation (Costa Mesa, California, United States) — remote US only
2026-09-05T00:00:00Z	https://boards.greenhouse.io/andurilindustries/jobs/5211087007?gh_jid=5211087007	pre-screen mismatch: title/location not Track A/B remote target (Senior Manager, Global Supply Chain Integration (India) @ Remote · Remote)
2026-09-05T00:00:00Z	https://boards.greenhouse.io/andurilindustries/jobs/4918368007?gh_jid=4918368007	pre-screen mismatch: onsite/relocation (Costa Mesa, California, United States) — remote US only
2026-09-05T00:00:00Z	https://boards.greenhouse.io/andurilindustries/jobs/5176778007?gh_jid=5176778007	pre-screen mismatch: engineering/PM/design/recruiter title (Senior Platform Engineer / Senior DevOps Engineer / Senior Infrastructure Engineer / Senior Site Reliability Engineer)
2026-09-05T00:00:00Z	https://boards.greenhouse.io/andurilindustries/jobs/5174539007?gh_jid=5174539007	pre-screen mismatch: engineering/PM/design/recruiter title (Senior Procurement Engineer)
2026-09-05T00:00:00Z	https://boards.greenhouse.io/andurilindustries/jobs/5029731007?gh_jid=5029731007	pre-screen mismatch: engineering/PM/design/recruiter title (Senior Procurement Engineer, Intelligence Systems & Space (Active Clearance))
2026-09-05T00:00:00Z	https://boards.greenhouse.io/andurilindustries/jobs/5179198007?gh_jid=5179198007	pre-screen mismatch: engineering/PM/design/recruiter title (Senior Procurement Engineer, Supply Chain)
2026-09-05T00:00:00Z	https://boards.greenhouse.io/andurilindustries/jobs/5208756007?gh_jid=5208756007	pre-screen mismatch: engineering/PM/design/recruiter title (Senior Product Manager, Ground Control Station (Hardware + Software Platform))
2026-09-05T00:00:00Z	https://boards.greenhouse.io/andurilindustries/jobs/5192396007?gh_jid=5192396007	pre-screen mismatch: engineering/PM/design/recruiter title (Senior Product Manager, Tactical Command and Control Hardware)
2026-09-05T00:00:00Z	https://boards.greenhouse.io/andurilindustries/jobs/5228223007?gh_jid=5228223007	pre-screen mismatch: onsite/relocation (Costa Mesa, California, United States) — remote US only
2026-09-05T00:00:00Z	https://boards.greenhouse.io/andurilindustries/jobs/5231528007?gh_jid=5231528007	pre-screen mismatch: onsite/relocation (Waltham, Massachusetts, United States) — remote US only
2026-09-05T00:00:00Z	https://boards.greenhouse.io/andurilindustries/jobs/4925059007?gh_jid=4925059007	pre-screen mismatch: onsite/relocation (Costa Mesa, California, United States) — remote US only
2026-09-05T00:00:00Z	https://boards.greenhouse.io/andurilindustries/jobs/5159972007?gh_jid=5159972007	pre-screen mismatch: engineering/PM/design/recruiter title (Senior Technical Recruiter, Hardware)
2026-09-05T00:00:00Z	https://boards.greenhouse.io/andurilindustries/jobs/5227855007?gh_jid=5227855007	pre-screen mismatch: title/location not Track A/B remote target (Senior Technical Sourcer, Hardware @ Seattle, Washington, United States)
2026-09-05T00:00:00Z	https://boards.greenhouse.io/andurilindustries/jobs/5219419007?gh_jid=5219419007	pre-screen mismatch: engineering/PM/design/recruiter title (Senior Thermal Engineer, Expeditionary AI / HPC Data Centers)
2026-09-05T00:00:00Z	https://boards.greenhouse.io/andurilindustries/jobs/4918690007?gh_jid=4918690007	pre-screen mismatch: onsite/relocation (Costa Mesa, California, United States) — remote US only
2026-09-05T00:00:00Z	https://boards.greenhouse.io/andurilindustries/jobs/5212860007?gh_jid=5212860007	pre-screen mismatch: engineering/PM/design/recruiter title (Staff AI Infrastructure Engineer)
2026-09-05T00:00:00Z	https://boards.greenhouse.io/andurilindustries/jobs/5180899007?gh_jid=5180899007	pre-screen mismatch: engineering/PM/design/recruiter title (Staff Digital Hardware Engineer)
2026-09-05T00:00:00Z	https://boards.greenhouse.io/andurilindustries/jobs/5195162007?gh_jid=5195162007	pre-screen mismatch: onsite/relocation (Costa Mesa, California, United States) — remote US only
2026-09-05T00:00:00Z	https://boards.greenhouse.io/andurilindustries/jobs/5182630007?gh_jid=5182630007	pre-screen mismatch: onsite/relocation (Costa Mesa, California, United States) — remote US only
2026-09-05T00:00:00Z	https://boards.greenhouse.io/andurilindustries/jobs/5225294007?gh_jid=5225294007	pre-screen mismatch: onsite/relocation (Costa Mesa, California, United States) — remote US only
2026-09-05T00:00:00Z	https://boards.greenhouse.io/andurilindustries/jobs/5176339007?gh_jid=5176339007	pre-screen mismatch: onsite/relocation (Costa Mesa, California, United States) — remote US only
2026-09-05T00:00:00Z	https://boards.greenhouse.io/andurilindustries/jobs/4695037007?gh_jid=4695037007	pre-screen mismatch: onsite/relocation (Costa Mesa, California, United States) — remote US only
2026-09-05T00:00:00Z	https://boards.greenhouse.io/andurilindustries/jobs/5138077007?gh_jid=5138077007	pre-screen mismatch: engineering/PM/design/recruiter title (Technical Recruiter, Hardware)
2026-09-05T00:00:00Z	https://boards.greenhouse.io/andurilindustries/jobs/5202200007?gh_jid=5202200007	pre-screen mismatch: engineering/PM/design/recruiter title (Technical Recruiter, Supply Chain Procurement (Contract))
2026-09-05T00:00:00Z	https://boards.greenhouse.io/andurilindustries/jobs/5193006007?gh_jid=5193006007	pre-screen mismatch: onsite/relocation (Costa Mesa, California, United States) — remote US only
2026-09-05T00:00:00Z	https://boards.greenhouse.io/andurilindustries/jobs/5039865007?gh_jid=5039865007	pre-screen mismatch: onsite/relocation (Costa Mesa, California, United States) — remote US only
